******************************************************************************
                  TI ARM Linker PC v20.2.7                     
******************************************************************************
>> Linked Thu Oct 26 16:58:20 2023

OUTPUT FILE NAME:   <Testprogramme.out>
ENTRY POINT SYMBOL: "_c_int00_noargs"  address: 00002b8d


MEMORY CONFIGURATION

         name            origin    length      used     unused   attr    fill
----------------------  --------  ---------  --------  --------  ----  --------
  FLASH                 00000000   00100000  00002f85  000fd07b  R  X
  SRAM                  20000000   00040000  000013b0  0003ec50  RW X


SEGMENT ALLOCATION MAP

run origin  load origin   length   init length attrs members
----------  ----------- ---------- ----------- ----- -------
00000000    00000000    00002f88   00002f88    r-x
  00000000    00000000    00000208   00000208    r-- .intvecs
  00000208    00000208    00002bec   00002bec    r-x .text
  00002df4    00002df4    00000101   00000101    r-- .const
  00002ef8    00002ef8    00000090   00000090    r-- .cinit
20000000    20000000    000013b0   00000000    rw-
  20000000    20000000    00000800   00000000    rw- .stack
  20000800    20000800    00000800   00000000    rw- .sysmem
  20001000    20001000    000001e8   00000000    rw- .data
  200011e8    200011e8    000001c8   00000000    rw- .bss


SECTION ALLOCATION MAP

 output                                  attributes/
section   page    origin      length       input sections
--------  ----  ----------  ----------   ----------------
.intvecs   0    00000000    00000208     
                  00000000    00000208     tm4c1294ncpdt_startup_ccs.obj (.intvecs)

.text      0    00000208    00002bec     
                  00000208    00000a4e     rtsv7M4_T_le_v4SPD16_eabi.lib : _printfi.c.obj (.text:__TI_printfi)
                  00000c56    00000002                                   : _lock.c.obj (.text:_nop)
                  00000c58    00000270                                   : _printfi.c.obj (.text:_pconv_a)
                  00000ec8    000001f0     main.obj (.text)
                  000010b8    000001d0     rtsv7M4_T_le_v4SPD16_eabi.lib : _printfi.c.obj (.text:_pconv_g)
                  00001288    000001b6                                   : fd_add_t2.asm.obj (.text)
                  0000143e    00000002                                   : div0.asm.obj (.text)
                  00001440    0000013c                                   : _printfi.c.obj (.text:_pconv_e)
                  0000157c    00000136                                   : fd_div_t2.asm.obj (.text)
                  000016b2    00000002     --HOLE-- [fill = 0]
                  000016b4    00000124                                   : _printfi.c.obj (.text:fcvt)
                  000017d8    00000114                                   : fputs.c.obj (.text:fputs)
                  000018ec    00000110                                   : s_scalbn.c.obj (.text:scalbn)
                  000019fc    00000100                                   : memory.c.obj (.text:aligned_alloc)
                  00001afc    000000fc                                   : fd_mul_t2.asm.obj (.text)
                  00001bf8    000000e4                                   : memory.c.obj (.text:free)
                  00001cdc    000000dc                                   : setvbuf.c.obj (.text:setvbuf)
                  00001db8    000000b1                                   : _printfi.c.obj (.text:_ltostr)
                  00001e69    00000001     --HOLE-- [fill = 0]
                  00001e6a    0000009c                                   : memcpy_t2.asm.obj (.text)
                  00001f06    00000096                                   : ull_div_t2.asm.obj (.text)
                  00001f9c    0000008c                                   : fputc.c.obj (.text:fputc)
                  00002028    00000086                                   : fd_cmp_t2.asm.obj (.text:__aeabi_cdcmple)
                  000020ae    00000086                                   : fd_cmp_t2.asm.obj (.text:__aeabi_cdrcmple)
                  00002134    0000007a                                   : memset_t2.asm.obj (.text)
                  000021ae    00000002     --HOLE-- [fill = 0]
                  000021b0    00000074                                   : fclose.c.obj (.text:__TI_closefile)
                  00002224    00000070                                   : memory.c.obj (.text:split)
                  00002294    0000006e                                   : _printfi.c.obj (.text:_mcpy)
                  00002302    00000002     --HOLE-- [fill = 0]
                  00002304    0000006c                                   : hostrename.c.obj (.text:HOSTrename)
                  00002370    00000068                                   : hostlseek.c.obj (.text:HOSTlseek)
                  000023d8    00000068                                   : copy_decompress_lzss.c.obj (.text:decompress:lzss:__TI_decompress_lzss)
                  00002440    00000068                                   : printf.c.obj (.text:printf)
                  000024a8    00000064                                   : s_frexp.c.obj (.text:frexp)
                  0000250c    00000064                                   : fseek.c.obj (.text:fseek)
                  00002570    00000062                                   : _io_perm.c.obj (.text:__TI_wrt_ok)
                  000025d2    00000002     --HOLE-- [fill = 0]
                  000025d4    00000060                                   : hostopen.c.obj (.text:HOSTopen)
                  00002634    0000005c                                   : close.c.obj (.text:close)
                  00002690    00000058                                   : hostread.c.obj (.text:HOSTread)
                  000026e8    00000058                                   : hostwrite.c.obj (.text:HOSTwrite)
                  00002740    00000056                                   : _printfi.c.obj (.text:_pconv_f)
                  00002796    00000054                                   : _ltoa.c.obj (.text:__TI_ltoa)
                  000027ea    00000052                                   : _printfi.c.obj (.text:_ecpy)
                  0000283c    0000004c                                   : fflush.c.obj (.text:__TI_doflush)
                  00002888    0000004c                                   : atoi.c.obj (.text:atoi)
                  000028d4    00000048                                   : exit.c.obj (.text:exit)
                  0000291c    00000048                                   : fd_toi_t2.asm.obj (.text)
                  00002964    00000044                                   : hostclose.c.obj (.text:HOSTclose)
                  000029a8    00000044                                   : hostunlink.c.obj (.text:HOSTunlink)
                  000029ec    00000044                                   : autoinit.c.obj (.text:__TI_auto_init_nobinit_nopinit:__TI_auto_init_nobinit_nopinit)
                  00002a30    00000044                                   : getdevice.c.obj (.text:getdevice)
                  00002a74    0000003e                                   : _printfi.c.obj (.text:_fcpy)
                  00002ab2    00000002     --HOLE-- [fill = 0]
                  00002ab4    00000038                                   : trgmsg.c.obj (.text:__TI_writemsg)
                  00002aec    00000036                                   : strncpy.c.obj (.text:strncpy)
                  00002b22    00000002     --HOLE-- [fill = 0]
                  00002b24    00000034                                   : fopen.c.obj (.text:__TI_cleanup)
                  00002b58    00000034                                   : trgmsg.c.obj (.text:__TI_readmsg)
                  00002b8c    00000034                                   : boot_cortex_m.c.obj (.text:_c_int00_noargs:_c_int00_noargs)
                  00002bc0    00000030                                   : getdevice.c.obj (.text:finddevice)
                  00002bf0    0000002e                                   : i_tofd_t2.asm.obj (.text)
                  00002c1e    00000002     --HOLE-- [fill = 0]
                  00002c20    0000002c                                   : unlink.c.obj (.text:unlink)
                  00002c4c    00000028                                   : memory.c.obj (.text:free_list_insert)
                  00002c74    00000028                                   : lseek.c.obj (.text:lseek)
                  00002c9c    00000028                                   : write.c.obj (.text:write)
                  00002cc4    00000020                                   : memchr.c.obj (.text:memchr)
                  00002ce4    0000001c                                   : copy_zero_init.c.obj (.text:decompress:ZI:__TI_zero_init_nomemset:__TI_zero_init_nomemset)
                  00002d00    0000001c                                   : memory.c.obj (.text:free_list_remove)
                  00002d1c    0000001c                                   : memccpy.c.obj (.text:memccpy)
                  00002d38    0000001a                                   : s_copysign.c.obj (.text:copysign)
                  00002d52    00000018                                   : strcmp.c.obj (.text:strcmp)
                  00002d6a    00000016                                   : strchr.c.obj (.text:strchr)
                  00002d80    00000014                                   : strcpy.c.obj (.text:strcpy)
                  00002d94    00000014                                   : strlen.c.obj (.text:strlen)
                  00002da8    00000012                                   : wcslen.c.obj (.text:wcslen)
                  00002dba    0000000e                                   : copy_decompress_none.c.obj (.text:decompress:none:__TI_decompress_none)
                  00002dc8    0000000c     tm4c1294ncpdt_startup_ccs.obj (.text)
                  00002dd4    00000008     rtsv7M4_T_le_v4SPD16_eabi.lib : errno.c.obj (.text:__aeabi_errno_addr)
                  00002ddc    00000008                                   : memory.c.obj (.text:malloc)
                  00002de4    00000004                                   : printf.c.obj (.text:_outc)
                  00002de8    00000004                                   : printf.c.obj (.text:_outs)
                  00002dec    00000004                                   : pre_init.c.obj (.text:_system_pre_init)
                  00002df0    00000004                                   : exit.c.obj (.text:abort:abort)

.const     0    00002df4    00000101     
                  00002df4    00000101     rtsv7M4_T_le_v4SPD16_eabi.lib : ctype.c.obj (.const:.string:_ctypes_)

.cinit     0    00002ef8    00000090     
                  00002ef8    00000068     (.cinit..data.load) [load image, compression = lzss]
                  00002f60    0000000c     (__TI_handler_table)
                  00002f6c    00000004     --HOLE-- [fill = 0]
                  00002f70    00000008     (.cinit..bss.load) [load image, compression = zero_init]
                  00002f78    00000010     (__TI_cinit_table)

.init_array 
*          0    00000000    00000000     UNINITIALIZED

.stack     0    20000000    00000800     UNINITIALIZED
                  20000000    00000004     rtsv7M4_T_le_v4SPD16_eabi.lib : boot_cortex_m.c.obj (.stack)
                  20000004    000007fc     --HOLE--

.sysmem    0    20000800    00000800     UNINITIALIZED
                  20000800    00000010     rtsv7M4_T_le_v4SPD16_eabi.lib : memory.c.obj (.sysmem)
                  20000810    000007f0     --HOLE--

.data      0    20001000    000001e8     UNINITIALIZED
                  20001000    000000f0     rtsv7M4_T_le_v4SPD16_eabi.lib : defs.c.obj (.data:_ftable)
                  200010f0    00000078                                   : host_device.c.obj (.data:_device)
                  20001168    00000050                                   : host_device.c.obj (.data:_stream)
                  200011b8    00000010                                   : defs.c.obj (.data)
                  200011c8    0000000c                                   : exit.c.obj (.data:$O1$$)
                  200011d4    00000008                                   : _lock.c.obj (.data:$O1$$)
                  200011dc    00000008                                   : memory.c.obj (.data:$O1$$)
                  200011e4    00000004                                   : errno.c.obj (.data)

.bss       0    200011e8    000001c8     UNINITIALIZED
                  200011e8    00000120     rtsv7M4_T_le_v4SPD16_eabi.lib : trgmsg.c.obj (.bss:_CIOBUF_)
                  20001308    000000a0     (.common:__TI_tmpnams)
                  200013a8    00000008     (.common:parmbuf)

__llvm_prf_cnts 
*          0    20000000    00000000     UNINITIALIZED

MODULE SUMMARY

       Module                          code    ro data   rw data
       ------                          ----    -------   -------
    .\
       tm4c1294ncpdt_startup_ccs.obj   12      520       0      
       main.obj                        496     0         0      
    +--+-------------------------------+-------+---------+---------+
       Total:                          508     520       0      
                                                                
    C:\ti\ccs1220\ccs\tools\compiler\ti-cgt-arm_20.2.7.LTS\lib\rtsv7M4_T_le_v4SPD16_eabi.lib
       _printfi.c.obj                  4851    0         0      
       memory.c.obj                    672     0         8      
       fd_add_t2.asm.obj               438     0         0      
       defs.c.obj                      0       0         416    
       trgmsg.c.obj                    108     0         288    
       fd_div_t2.asm.obj               310     0         0      
       fputs.c.obj                     276     0         0      
       s_scalbn.c.obj                  272     0         0      
       fd_cmp_t2.asm.obj               268     0         0      
       ctype.c.obj                     0       257       0      
       fd_mul_t2.asm.obj               252     0         0      
       setvbuf.c.obj                   220     0         0      
       host_device.c.obj               0       0         200    
       memcpy_t2.asm.obj               156     0         0      
       ull_div_t2.asm.obj              150     0         0      
       fputc.c.obj                     140     0         0      
       memset_t2.asm.obj               122     0         0      
       fclose.c.obj                    116     0         0      
       getdevice.c.obj                 116     0         0      
       printf.c.obj                    112     0         0      
       hostrename.c.obj                108     0         0      
       copy_decompress_lzss.c.obj      104     0         0      
       hostlseek.c.obj                 104     0         0      
       hostopen.c.obj                  96      0         8      
       fseek.c.obj                     100     0         0      
       s_frexp.c.obj                   100     0         0      
       _io_perm.c.obj                  98      0         0      
       close.c.obj                     92      0         0      
       exit.c.obj                      76      0         12     
       hostread.c.obj                  88      0         0      
       hostwrite.c.obj                 88      0         0      
       _ltoa.c.obj                     84      0         0      
       atoi.c.obj                      76      0         0      
       fflush.c.obj                    76      0         0      
       fd_toi_t2.asm.obj               72      0         0      
       autoinit.c.obj                  68      0         0      
       hostclose.c.obj                 68      0         0      
       hostunlink.c.obj                68      0         0      
       strncpy.c.obj                   54      0         0      
       boot_cortex_m.c.obj             52      0         0      
       fopen.c.obj                     52      0         0      
       i_tofd_t2.asm.obj               46      0         0      
       unlink.c.obj                    44      0         0      
       lseek.c.obj                     40      0         0      
       write.c.obj                     40      0         0      
       memchr.c.obj                    32      0         0      
       copy_zero_init.c.obj            28      0         0      
       memccpy.c.obj                   28      0         0      
       s_copysign.c.obj                26      0         0      
       strcmp.c.obj                    24      0         0      
       strchr.c.obj                    22      0         0      
       strcpy.c.obj                    20      0         0      
       strlen.c.obj                    20      0         0      
       wcslen.c.obj                    18      0         0      
       copy_decompress_none.c.obj      14      0         0      
       errno.c.obj                     8       0         4      
       _lock.c.obj                     2       0         8      
       pre_init.c.obj                  4       0         0      
       div0.asm.obj                    2       0         0      
    +--+-------------------------------+-------+---------+---------+
       Total:                          10721   257       944    
                                                                
       Heap:                           0       0         2048   
       Stack:                          0       0         2048   
       Linker Generated:               0       140       0      
    +--+-------------------------------+-------+---------+---------+
       Grand Total:                    11229   917       5040   


LINKER GENERATED COPY TABLES

__TI_cinit_table @ 00002f78 records: 2, size/record: 8, table size: 16
	.data: load addr=00002ef8, load size=00000068 bytes, run addr=20001000, run size=000001e8 bytes, compression=lzss
	.bss: load addr=00002f70, load size=00000008 bytes, run addr=200011e8, run size=000001c8 bytes, compression=zero_init


LINKER GENERATED HANDLER TABLE

__TI_handler_table @ 00002f60 records: 3, size/record: 4, table size: 12
	index: 0, handler: __TI_decompress_lzss
	index: 1, handler: __TI_decompress_none
	index: 2, handler: __TI_zero_init


GLOBAL SYMBOLS: SORTED ALPHABETICALLY BY Name 

address   name                           
-------   ----                           
00002df1  C$$EXIT                        
00002ae3  C$$IO$$                        
00002965  HOSTclose                      
00002371  HOSTlseek                      
000025d5  HOSTopen                       
00002691  HOSTread                       
00002305  HOSTrename                     
000029a9  HOSTunlink                     
000026e9  HOSTwrite                      
00002dc9  ResetISR                       
200011e8  __CIOBUF_                      
20000800  __STACK_END                    
00000800  __STACK_SIZE                   
20000200  __STACK_TOP                    
00000800  __SYSMEM_SIZE                  
00002f78  __TI_CINIT_Base                
00002f88  __TI_CINIT_Limit               
00002f60  __TI_Handler_Table_Base        
00002f6c  __TI_Handler_Table_Limit       
000029ed  __TI_auto_init_nobinit_nopinit 
00002b25  __TI_cleanup                   
200011c8  __TI_cleanup_ptr               
000021b1  __TI_closefile                 
000023d9  __TI_decompress_lzss           
00002dbb  __TI_decompress_none           
0000283d  __TI_doflush                   
200011cc  __TI_dtors_ptr                 
200011d0  __TI_enable_exit_profile_output
200011b8  __TI_ft_end                    
00002797  __TI_ltoa                      
ffffffff  __TI_pprof_out_hndl            
00000209  __TI_printfi                   
ffffffff  __TI_prof_data_size            
ffffffff  __TI_prof_data_start           
00002b59  __TI_readmsg                   
00000000  __TI_static_base__             
20001308  __TI_tmpnams                   
00002ab5  __TI_writemsg                  
00002571  __TI_wrt_ok                    
00002ce5  __TI_zero_init_nomemset        
00002029  __aeabi_cdcmpeq                
00002029  __aeabi_cdcmple                
000020af  __aeabi_cdrcmple               
0000291d  __aeabi_d2iz                   
00001293  __aeabi_dadd                   
0000157d  __aeabi_ddiv                   
00001afd  __aeabi_dmul                   
00001289  __aeabi_dsub                   
00002dd5  __aeabi_errno_addr             
00002bf1  __aeabi_i2d                    
0000143f  __aeabi_idiv0                  
0000143f  __aeabi_ldiv0                  
00002135  __aeabi_memclr                 
00002135  __aeabi_memclr4                
00002135  __aeabi_memclr8                
00001e6b  __aeabi_memcpy                 
00001e6b  __aeabi_memcpy4                
00001e6b  __aeabi_memcpy8                
00002137  __aeabi_memset                 
00002137  __aeabi_memset4                
00002137  __aeabi_memset8                
200011c4  __aeabi_stderr                 
200011bc  __aeabi_stdin                  
200011c0  __aeabi_stdout                 
00001f07  __aeabi_uldivmod               
ffffffff  __binit__                      
ffffffff  __c_args__                     
UNDEFED   __mpu_init                     
20000000  __stack                        
20000000  __start___llvm_prf_cnts        
20000000  __stop___llvm_prf_cnts         
00002b8d  _c_int00_noargs                
00002df4  _ctypes_                       
200010f0  _device                        
20001000  _ftable                        
200011d4  _lock                          
00000c57  _nop                           
20001168  _stream                        
20000800  _sys_memory                    
UNDEFED   _system_post_cinit             
00002ded  _system_pre_init               
200011d8  _unlock                        
00002df1  abort                          
000019fd  aligned_alloc                  
00002889  atoi                           
ffffffff  binit                          
00002635  close                          
00002d39  copysign                       
00002d39  copysignl                      
200011e4  errno                          
000028d5  exit                           
00002bc1  finddevice                     
00001f9d  fputc                          
000017d9  fputs                          
00001bf9  free                           
000024a9  frexp                          
000024a9  frexpl                         
0000250d  fseek                          
00000000  g_pfnVectors                   
00002a31  getdevice                      
000018ed  ldexp                          
000018ed  ldexpl                         
00002c75  lseek                          
0000100f  main                           
00002ddd  malloc                         
000019fd  memalign                       
00002d1d  memccpy                        
00002cc5  memchr                         
00001e6b  memcpy                         
0000213d  memset                         
200013a8  parmbuf                        
00002441  printf                         
00001f9d  putc                           
00002c21  remove                         
000018ed  scalbn                         
000018ed  scalbnl                        
00001cdd  setvbuf                        
00002d6b  strchr                         
00002d53  strcmp                         
00002d81  strcpy                         
00002d95  strlen                         
00002aed  strncpy                        
00000f83  touch_read                     
00000ec9  touch_write                    
00002c21  unlink                         
00002da9  wcslen                         
00002c9d  write                          


GLOBAL SYMBOLS: SORTED BY Symbol Address 

address   name                           
-------   ----                           
00000000  __TI_static_base__             
00000000  g_pfnVectors                   
00000209  __TI_printfi                   
00000800  __STACK_SIZE                   
00000800  __SYSMEM_SIZE                  
00000c57  _nop                           
00000ec9  touch_write                    
00000f83  touch_read                     
0000100f  main                           
00001289  __aeabi_dsub                   
00001293  __aeabi_dadd                   
0000143f  __aeabi_idiv0                  
0000143f  __aeabi_ldiv0                  
0000157d  __aeabi_ddiv                   
000017d9  fputs                          
000018ed  ldexp                          
000018ed  ldexpl                         
000018ed  scalbn                         
000018ed  scalbnl                        
000019fd  aligned_alloc                  
000019fd  memalign                       
00001afd  __aeabi_dmul                   
00001bf9  free                           
00001cdd  setvbuf                        
00001e6b  __aeabi_memcpy                 
00001e6b  __aeabi_memcpy4                
00001e6b  __aeabi_memcpy8                
00001e6b  memcpy                         
00001f07  __aeabi_uldivmod               
00001f9d  fputc                          
00001f9d  putc                           
00002029  __aeabi_cdcmpeq                
00002029  __aeabi_cdcmple                
000020af  __aeabi_cdrcmple               
00002135  __aeabi_memclr                 
00002135  __aeabi_memclr4                
00002135  __aeabi_memclr8                
00002137  __aeabi_memset                 
00002137  __aeabi_memset4                
00002137  __aeabi_memset8                
0000213d  memset                         
000021b1  __TI_closefile                 
00002305  HOSTrename                     
00002371  HOSTlseek                      
000023d9  __TI_decompress_lzss           
00002441  printf                         
000024a9  frexp                          
000024a9  frexpl                         
0000250d  fseek                          
00002571  __TI_wrt_ok                    
000025d5  HOSTopen                       
00002635  close                          
00002691  HOSTread                       
000026e9  HOSTwrite                      
00002797  __TI_ltoa                      
0000283d  __TI_doflush                   
00002889  atoi                           
000028d5  exit                           
0000291d  __aeabi_d2iz                   
00002965  HOSTclose                      
000029a9  HOSTunlink                     
000029ed  __TI_auto_init_nobinit_nopinit 
00002a31  getdevice                      
00002ab5  __TI_writemsg                  
00002ae3  C$$IO$$                        
00002aed  strncpy                        
00002b25  __TI_cleanup                   
00002b59  __TI_readmsg                   
00002b8d  _c_int00_noargs                
00002bc1  finddevice                     
00002bf1  __aeabi_i2d                    
00002c21  remove                         
00002c21  unlink                         
00002c75  lseek                          
00002c9d  write                          
00002cc5  memchr                         
00002ce5  __TI_zero_init_nomemset        
00002d1d  memccpy                        
00002d39  copysign                       
00002d39  copysignl                      
00002d53  strcmp                         
00002d6b  strchr                         
00002d81  strcpy                         
00002d95  strlen                         
00002da9  wcslen                         
00002dbb  __TI_decompress_none           
00002dc9  ResetISR                       
00002dd5  __aeabi_errno_addr             
00002ddd  malloc                         
00002ded  _system_pre_init               
00002df1  C$$EXIT                        
00002df1  abort                          
00002df4  _ctypes_                       
00002f60  __TI_Handler_Table_Base        
00002f6c  __TI_Handler_Table_Limit       
00002f78  __TI_CINIT_Base                
00002f88  __TI_CINIT_Limit               
20000000  __stack                        
20000000  __start___llvm_prf_cnts        
20000000  __stop___llvm_prf_cnts         
20000200  __STACK_TOP                    
20000800  __STACK_END                    
20000800  _sys_memory                    
20001000  _ftable                        
200010f0  _device                        
20001168  _stream                        
200011b8  __TI_ft_end                    
200011bc  __aeabi_stdin                  
200011c0  __aeabi_stdout                 
200011c4  __aeabi_stderr                 
200011c8  __TI_cleanup_ptr               
200011cc  __TI_dtors_ptr                 
200011d0  __TI_enable_exit_profile_output
200011d4  _lock                          
200011d8  _unlock                        
200011e4  errno                          
200011e8  __CIOBUF_                      
20001308  __TI_tmpnams                   
200013a8  parmbuf                        
ffffffff  __TI_pprof_out_hndl            
ffffffff  __TI_prof_data_size            
ffffffff  __TI_prof_data_start           
ffffffff  __binit__                      
ffffffff  __c_args__                     
ffffffff  binit                          
UNDEFED   __mpu_init                     
UNDEFED   _system_post_cinit             

[127 symbols]
